python : error: command 'C:\\Program Files (x86)\\Microsoft Visual Studio\\2019\\BuildTools\\VC\\Tools\\MSVC\\14.29.301
33\\bin\\HostX86\\x86\\link.exe' failed with exit code 1120
発生場所 行:1 文字:1
+ python setup.py build_ext -i 2> errors.txt
+ ~~~~~~~~~~~~~~~~~~~~~~~~~~~~~~~~~~~~~~~~~~
    + CategoryInfo          : NotSpecified: (error: command ... exit code 1120:String) [], RemoteException
    + FullyQualifiedErrorId : NativeCommandError
 
